================================================================
== Design Size Report
================================================================

* Total Instructions per Compilation Phase
+---------------+-----------------------------+--------------+----------------------------------------------------------------------------------------+
| Phase         | Step                        | Instructions | Description                                                                            |
+---------------+-----------------------------+--------------+----------------------------------------------------------------------------------------+
| Compile/Link  |                             | 184          | After all functions are compiled and linked into a single design                       |
|               |                             |              |                                                                                        |
| Unroll/Inline |                             |              | After user unroll and inline pragmas are applied                                       |
|               | (1) unroll                  | 167          | user unroll pragmas are applied                                                        |
|               | (2) simplification          | 136          | simplification of applied user unroll pragmas                                          |
|               | (3) inline                  | 129          | user inline pragmas are applied                                                        |
|               | (4) simplification          | 122          | simplification of applied user inline pragmas                                          |
|               |                             |              |                                                                                        |
| Array/Struct  |                             |              | After user array partition and struct aggregate/disaggregate pragmas are applied       |
|               | (1) array partition         | 122          | user array partition pragmas are applied                                               |
|               | (2) simplification          | 122          | simplification of applied user array partition & struct aggregate/disaggregate pragmas |
|               | (3) aggregate/disaggregate  | 122          | user struct aggregate/disaggregate pragmas are applied                                 |
|               | (4) array reshape           | 122          | apply array reshape pragmas                                                            |
|               | (5) access patterns         | 146          | array access pattern optmizations                                                      |
|               |                             |              |                                                                                        |
| Performance   |                             |              | After transformations are applied to meet performance pragma targets                   |
|               | (1) loop simplification     | 148          | loop and instruction simplification                                                    |
|               | (2) parallelization         | 148          | loops are unrolled or pipelined to meet performance targets                            |
|               | (3) array partition         | 146          | arrays are partitioned to meet performance targets                                     |
|               | (4) simplification          | 146          | simplification of design after performance transformations                             |
|               |                             |              |                                                                                        |
| HW Transforms |                             |              | After hardware transfomations                                                          |
|               | (1) lowering                | 150          | initial conversion to HW specific instructions                                         |
|               | (2) optimizations           | 162          | high level synthesis optimizations                                                     |
+---------------+-----------------------------+--------------+----------------------------------------------------------------------------------------+

* Instructions per Function for each Compilation Phase
+------------------+------------------+---------------+---------------+--------------+-------------+---------------+
| Function         | Location         | Compile/Link  | Unroll/Inline | Array/Struct | Performance | HW Transforms |
+------------------+------------------+---------------+---------------+--------------+-------------+---------------+
| + merge_sort_hls | merge_sort.cpp:8 | 184           | 122           | 146          | 146         | 162           |
|    min_int       | merge_sort.cpp:3 |  12 (2 calls) |               |              |             |               |
+------------------+------------------+---------------+---------------+--------------+-------------+---------------+

* Design Size Message Settings
+---------------------------------------------+--------+------------------------------------------------------------------+
| Message Setting                             | Value  | Description                                                      |
+---------------------------------------------+--------+------------------------------------------------------------------+
| config_compile -design_size_maximum_warning | 100000 | Show a warning when total design instructions exceeds this value |
+---------------------------------------------+--------+------------------------------------------------------------------+


