

================================================================
== Vitis HLS Report for 'sum'
================================================================
* Date:           Wed Jun 24 09:08:28 2026

* Version:        2025.1 (Build 6135595 on May 21 2025)
* Project:        component_read_only
* Solution:       hls (Vitis Kernel Flow Target)
* Product family: zynq
* Target device:  xc7z020-clg400-1


================================================================
== Performance Estimates
================================================================
+ Timing: 
    * Summary: 
    +--------+---------+----------+------------+
    |  Clock |  Target | Estimated| Uncertainty|
    +--------+---------+----------+------------+
    |ap_clk  |  5.00 ns|  3.950 ns|     1.35 ns|
    +--------+---------+----------+------------+

+ Latency: 
    * Summary: 
    +---------+---------+-----------+-----------+------+------+---------+
    |  Latency (cycles) |   Latency (absolute)  |   Interval  | Pipeline|
    |   min   |   max   |    min    |    max    |  min |  max |   Type  |
    +---------+---------+-----------+-----------+------+------+---------+
    |     4101|     4101|  20.505 us|  20.505 us|  4101|  4101|       no|
    +---------+---------+-----------+-----------+------+------+---------+

    + Detail: 
        * Instance: 
        N/A

        * Loop: 
        +-------------------+---------+---------+----------+-----------+-----------+------+----------+
        |                   |  Latency (cycles) | Iteration|  Initiation Interval  | Trip |          |
        |     Loop Name     |   min   |   max   |  Latency |  achieved |   target  | Count| Pipelined|
        +-------------------+---------+---------+----------+-----------+-----------+------+----------+
        |- VITIS_LOOP_38_1  |     4099|     4099|         8|          4|          4|  1024|       yes|
        +-------------------+---------+---------+----------+-----------+-----------+------+----------+



================================================================
== Utilization Estimates
================================================================
* Summary: 
+-----------------+---------+-----+--------+-------+-----+
|       Name      | BRAM_18K| DSP |   FF   |  LUT  | URAM|
+-----------------+---------+-----+--------+-------+-----+
|DSP              |        -|    -|       -|      -|    -|
|Expression       |        -|    -|       0|     75|    -|
|FIFO             |        -|    -|       -|      -|    -|
|Instance         |        -|    3|     215|      1|    -|
|Memory           |        -|    -|       -|      -|    -|
|Multiplexer      |        -|    -|       0|    100|    -|
|Register         |        -|    -|     216|      -|    -|
+-----------------+---------+-----+--------+-------+-----+
|Total            |        0|    3|     431|    176|    0|
+-----------------+---------+-----+--------+-------+-----+
|Available        |      280|  220|  106400|  53200|    0|
+-----------------+---------+-----+--------+-------+-----+
|Utilization (%)  |        0|    1|      ~0|     ~0|    0|
+-----------------+---------+-----+--------+-------+-----+

+ Detail: 
    * Instance: 
    +-----------------------+--------------------+---------+----+-----+----+-----+
    |        Instance       |       Module       | BRAM_18K| DSP|  FF | LUT| URAM|
    +-----------------------+--------------------+---------+----+-----+----+-----+
    |mul_32s_32s_32_5_1_U8  |mul_32s_32s_32_5_1  |        0|   3|  215|   1|    0|
    +-----------------------+--------------------+---------+----+-----+----+-----+
    |Total                  |                    |        0|   3|  215|   1|    0|
    +-----------------------+--------------------+---------+----+-----+----+-----+

    * DSP: 
    N/A

    * Memory: 
    N/A

    * FIFO: 
    N/A

    * Expression: 
    +--------------------------------+----------+----+---+----+------------+------------+
    |          Variable Name         | Operation| DSP| FF| LUT| Bitwidth P0| Bitwidth P1|
    +--------------------------------+----------+----+---+----+------------+------------+
    |add_ln40_fu_112_p2              |         +|   0|  0|  39|          32|          32|
    |i_fu_92_p2                      |         +|   0|  0|  13|          10|           1|
    |ap_block_pp0_stage0_11001       |       and|   0|  0|   2|           1|           1|
    |ap_block_pp0_stage0_11001_grp1  |       and|   0|  0|   2|           1|           1|
    |ap_block_pp0_stage0_11001_grp2  |       and|   0|  0|   2|           1|           1|
    |icmp_ln38_fu_98_p2              |      icmp|   0|  0|  13|          10|           2|
    |ap_block_state1                 |        or|   0|  0|   2|           1|           1|
    |ap_enable_pp0                   |       xor|   0|  0|   2|           1|           2|
    +--------------------------------+----------+----+---+----+------------+------------+
    |Total                           |          |   0|  0|  75|          57|          41|
    +--------------------------------+----------+----+---+----+------------+------------+

    * Multiplexer: 
    +-------------------------+----+-----------+-----+-----------+
    |           Name          | LUT| Input Size| Bits| Total Bits|
    +-------------------------+----+-----------+-----+-----------+
    |add21_fu_42              |   9|          2|   32|         64|
    |ap_NS_fsm                |  37|          7|    1|          7|
    |ap_done                  |   9|          2|    1|          2|
    |ap_enable_reg_pp0_iter1  |   9|          2|    1|          2|
    |i3_fu_46                 |   9|          2|   10|         20|
    |res_o                    |   9|          2|   32|         64|
    |stream_0_blk_n           |   9|          2|    1|          2|
    |stream_1_blk_n           |   9|          2|    1|          2|
    +-------------------------+----+-----------+-----+-----------+
    |Total                    | 100|         21|   79|        163|
    +-------------------------+----+-----------+-----+-----------+

    * Register: 
    +-------------------------------------------+----+----+-----+-----------+
    |                    Name                   | FF | LUT| Bits| Const Bits|
    +-------------------------------------------+----+----+-----+-----------+
    |add21_fu_42                                |  32|   0|   32|          0|
    |add_ln40_reg_154                           |  32|   0|   32|          0|
    |ap_CS_fsm                                  |   6|   0|    6|          0|
    |ap_block_pp0_stage0_subdone_grp0_done_reg  |   1|   0|    1|          0|
    |ap_block_pp0_stage0_subdone_grp1_done_reg  |   1|   0|    1|          0|
    |ap_block_pp0_stage0_subdone_grp2_done_reg  |   1|   0|    1|          0|
    |ap_done_reg                                |   1|   0|    1|          0|
    |ap_enable_reg_pp0_iter0                    |   1|   0|    1|          0|
    |ap_enable_reg_pp0_iter0_reg                |   1|   0|    1|          0|
    |ap_enable_reg_pp0_iter1                    |   1|   0|    1|          0|
    |i3_fu_46                                   |  10|   0|   10|          0|
    |icmp_ln38_reg_145                          |   1|   0|    1|          0|
    |mul_ln40_reg_149                           |  32|   0|   32|          0|
    |res_o_preg                                 |  32|   0|   32|          0|
    |stream_0_read_reg_135                      |  32|   0|   32|          0|
    |stream_1_read_reg_140                      |  32|   0|   32|          0|
    +-------------------------------------------+----+----+-----+-----------+
    |Total                                      | 216|   0|  216|          0|
    +-------------------------------------------+----+----+-----+-----------+



================================================================
== Interface
================================================================
* Summary: 
+-------------------------+-----+-----+------------+--------------+--------------+
|        RTL Ports        | Dir | Bits|  Protocol  | Source Object|    C Type    |
+-------------------------+-----+-----+------------+--------------+--------------+
|ap_clk                   |   in|    1|  ap_ctrl_hs|           sum|  return value|
|ap_rst                   |   in|    1|  ap_ctrl_hs|           sum|  return value|
|ap_start                 |   in|    1|  ap_ctrl_hs|           sum|  return value|
|ap_done                  |  out|    1|  ap_ctrl_hs|           sum|  return value|
|ap_continue              |   in|    1|  ap_ctrl_hs|           sum|  return value|
|ap_idle                  |  out|    1|  ap_ctrl_hs|           sum|  return value|
|ap_ready                 |  out|    1|  ap_ctrl_hs|           sum|  return value|
|stream_0_dout            |   in|   32|     ap_fifo|      stream_0|       pointer|
|stream_0_empty_n         |   in|    1|     ap_fifo|      stream_0|       pointer|
|stream_0_read            |  out|    1|     ap_fifo|      stream_0|       pointer|
|stream_0_num_data_valid  |   in|    3|     ap_fifo|      stream_0|       pointer|
|stream_0_fifo_cap        |   in|    3|     ap_fifo|      stream_0|       pointer|
|stream_1_dout            |   in|   32|     ap_fifo|      stream_1|       pointer|
|stream_1_empty_n         |   in|    1|     ap_fifo|      stream_1|       pointer|
|stream_1_read            |  out|    1|     ap_fifo|      stream_1|       pointer|
|stream_1_num_data_valid  |   in|    3|     ap_fifo|      stream_1|       pointer|
|stream_1_fifo_cap        |   in|    3|     ap_fifo|      stream_1|       pointer|
|res_i                    |   in|   32|     ap_ovld|           res|       pointer|
|res_o                    |  out|   32|     ap_ovld|           res|       pointer|
|res_o_ap_vld             |  out|    1|     ap_ovld|           res|       pointer|
+-------------------------+-----+-----+------------+--------------+--------------+

