

================================================================
== Vitis HLS Report for 'matrix_mul_Pipeline_store_c_loop'
================================================================
* Date:           Thu Jun  4 18:35:07 2026

* Version:        2025.1 (Build 6135595 on May 21 2025)
* Project:        component_matrix_mul
* Solution:       hls (Vivado IP Flow Target)
* Product family: virtexuplus
* Target device:  xcvu9p-flga2104-2-i


================================================================
== Performance Estimates
================================================================
+ Timing: 
    * Summary: 
    +--------+---------+----------+------------+
    |  Clock |  Target | Estimated| Uncertainty|
    +--------+---------+----------+------------+
    |ap_clk  |  5.00 ns|  3.650 ns|     1.35 ns|
    +--------+---------+----------+------------+

+ Latency: 
    * Summary: 
    +---------+---------+----------+----------+-----+-----+------------------------------------------------+
    |  Latency (cycles) |  Latency (absolute) |  Interval |                    Pipeline                    |
    |   min   |   max   |    min   |    max   | min | max |                      Type                      |
    +---------+---------+----------+----------+-----+-----+------------------------------------------------+
    |      259|      259|  1.295 us|  1.295 us|  257|  257|  loop auto-rewind stp (delay=0 clock cycles(s))|
    +---------+---------+----------+----------+-----+-----+------------------------------------------------+

    + Detail: 
        * Instance: 
        N/A

        * Loop: 
        +----------------+---------+---------+----------+-----------+-----------+------+----------+
        |                |  Latency (cycles) | Iteration|  Initiation Interval  | Trip |          |
        |    Loop Name   |   min   |   max   |  Latency |  achieved |   target  | Count| Pipelined|
        +----------------+---------+---------+----------+-----------+-----------+------+----------+
        |- store_c_loop  |      257|      257|         3|          1|          1|   256|       yes|
        +----------------+---------+---------+----------+-----------+-----------+------+----------+

============================================================
+ Verbose Summary: Synthesis Manager
============================================================
InlineROM: 1
ExposeGlobal: 0
============================================================
+ Verbose Summary: CDFG Model
============================================================
IsTopModel: 0
ResetActiveHigh: 1
IsCombinational: 0
IsDatapathOnly: 0
HasWiredReturn: 1
HasMFsm: 2
HasVarLatency: 1
IsPipeline: 0
IsRtlPipelined: 0
IsInstanceOverlapped: 0
IsDontTouch: 0
HasImplIP: 0
IsGatedGlobalClock: 0

+ Individual pipeline summary: 
  * Pipeline-0: initiation interval (II) = 1, depth = 3


============================================================
+ Verbose Summary: Schedule
============================================================
* Number of FSM states : 3
* Pipeline : 1
  Pipeline-0 : II = 1, D = 3, States = { 1 2 3 }
* Dataflow Pipeline: 0

* FSM state transitions: 
1 --> 2 
2 --> 3 
3 --> 

* FSM state operations: 

State 1 <SV = 0> <Delay = 1.48>
ST_1 : Operation 6 [1/1] (0.00ns)   --->   "%phi_ln79 = alloca i32 1"   --->   Operation 6 'alloca' 'phi_ln79' <Predicate = true> <Delay = 0.00>
ST_1 : Operation 7 [1/1] (0.00ns)   --->   "%index = alloca i32 1" [matrix_mul.cpp:77]   --->   Operation 7 'alloca' 'index' <Predicate = true> <Delay = 0.00>
ST_1 : Operation 8 [1/1] (0.00ns)   --->   "%sext_ln77_read = read i58 @_ssdm_op_Read.ap_auto.i58, i58 %sext_ln77"   --->   Operation 8 'read' 'sext_ln77_read' <Predicate = true> <Delay = 0.00>
ST_1 : Operation 9 [1/1] (0.00ns)   --->   "%sext_ln77_cast = sext i58 %sext_ln77_read"   --->   Operation 9 'sext' 'sext_ln77_cast' <Predicate = true> <Delay = 0.00>
ST_1 : Operation 10 [1/1] (0.00ns)   --->   "%specinterface_ln0 = specinterface void @_ssdm_op_SpecInterface, i512 %gmem_c, void @empty_2, i32 0, i32 0, void @empty_3, i32 0, i32 16, void @empty_14, void @empty_9, void @empty_3, i32 16, i32 16, i32 16, i32 1, void @empty_3, void @empty_3, i32 4294967295, i32 0, i32 0"   --->   Operation 10 'specinterface' 'specinterface_ln0' <Predicate = true> <Delay = 0.00>
ST_1 : Operation 11 [1/1] (0.38ns)   --->   "%store_ln77 = store i9 0, i9 %index" [matrix_mul.cpp:77]   --->   Operation 11 'store' 'store_ln77' <Predicate = true> <Delay = 0.38>
ST_1 : Operation 12 [1/1] (0.38ns)   --->   "%store_ln0 = store i480 0, i480 %phi_ln79"   --->   Operation 12 'store' 'store_ln0' <Predicate = true> <Delay = 0.38>
ST_1 : Operation 13 [1/1] (0.00ns)   --->   "%br_ln0 = br void %for.inc116"   --->   Operation 13 'br' 'br_ln0' <Predicate = true> <Delay = 0.00>
ST_1 : Operation 14 [1/1] (0.00ns)   --->   "%index_1 = load i9 %index" [matrix_mul.cpp:77]   --->   Operation 14 'load' 'index_1' <Predicate = true> <Delay = 0.00>
ST_1 : Operation 15 [1/1] (0.00ns)   --->   "%specbitsmap_ln0 = specbitsmap void @_ssdm_op_SpecBitsMap, i512 %gmem_c"   --->   Operation 15 'specbitsmap' 'specbitsmap_ln0' <Predicate = true> <Delay = 0.00>
ST_1 : Operation 16 [1/1] (0.71ns)   --->   "%icmp_ln77 = icmp_eq  i9 %index_1, i9 256" [matrix_mul.cpp:77]   --->   Operation 16 'icmp' 'icmp_ln77' <Predicate = true> <Delay = 0.71> <CoreInst = "Cmp">   --->   Core 9 'Cmp' <Latency = 0> <II = 1> <Delay = 0.71> <FuncUnit> <Opcode : 'seteq' 'setne' 'setle' 'setge' 'setlt' 'setgt'> <InPorts = 2> <OutPorts = 1>
ST_1 : Operation 17 [1/1] (0.71ns)   --->   "%add_ln77 = add i9 %index_1, i9 1" [matrix_mul.cpp:77]   --->   Operation 17 'add' 'add_ln77' <Predicate = true> <Delay = 0.71> <CoreInst = "Adder">   --->   Core 1 'Adder' <Latency = 0> <II = 1> <Delay = 0.71> <FuncUnit> <Opcode : 'add' 'sub'> <InPorts = 2> <OutPorts = 1>
ST_1 : Operation 18 [1/1] (0.00ns)   --->   "%br_ln77 = br i1 %icmp_ln77, void %for.inc116.split, void %for.end118.exitStub" [matrix_mul.cpp:77]   --->   Operation 18 'br' 'br_ln77' <Predicate = true> <Delay = 0.00>
ST_1 : Operation 19 [1/1] (0.00ns)   --->   "%trunc_ln77 = trunc i9 %index_1" [matrix_mul.cpp:77]   --->   Operation 19 'trunc' 'trunc_ln77' <Predicate = (!icmp_ln77)> <Delay = 0.00>
ST_1 : Operation 20 [1/1] (0.00ns)   --->   "%trunc_ln79 = trunc i9 %index_1" [matrix_mul.cpp:79]   --->   Operation 20 'trunc' 'trunc_ln79' <Predicate = (!icmp_ln77)> <Delay = 0.00>
ST_1 : Operation 21 [1/1] (0.00ns)   --->   "%tmp_2 = partselect i6 @_ssdm_op_PartSelect.i6.i9.i32.i32, i9 %index_1, i32 2, i32 7" [matrix_mul.cpp:79]   --->   Operation 21 'partselect' 'tmp_2' <Predicate = (!icmp_ln77)> <Delay = 0.00>
ST_1 : Operation 22 [1/1] (0.00ns)   --->   "%zext_ln79 = zext i6 %tmp_2" [matrix_mul.cpp:79]   --->   Operation 22 'zext' 'zext_ln79' <Predicate = (!icmp_ln77)> <Delay = 0.00>
ST_1 : Operation 23 [1/1] (0.00ns)   --->   "%C_local_addr = getelementptr i32 %C_local, i64 0, i64 %zext_ln79" [matrix_mul.cpp:79]   --->   Operation 23 'getelementptr' 'C_local_addr' <Predicate = (!icmp_ln77)> <Delay = 0.00>
ST_1 : Operation 24 [1/1] (0.00ns)   --->   "%C_local_1_addr = getelementptr i32 %C_local_1, i64 0, i64 %zext_ln79" [matrix_mul.cpp:79]   --->   Operation 24 'getelementptr' 'C_local_1_addr' <Predicate = (!icmp_ln77)> <Delay = 0.00>
ST_1 : Operation 25 [1/1] (0.00ns)   --->   "%C_local_2_addr = getelementptr i32 %C_local_2, i64 0, i64 %zext_ln79" [matrix_mul.cpp:79]   --->   Operation 25 'getelementptr' 'C_local_2_addr' <Predicate = (!icmp_ln77)> <Delay = 0.00>
ST_1 : Operation 26 [1/1] (0.00ns)   --->   "%C_local_3_addr = getelementptr i32 %C_local_3, i64 0, i64 %zext_ln79" [matrix_mul.cpp:79]   --->   Operation 26 'getelementptr' 'C_local_3_addr' <Predicate = (!icmp_ln77)> <Delay = 0.00>
ST_1 : Operation 27 [2/2] (0.69ns)   --->   "%C_local_load = load i6 %C_local_addr" [matrix_mul.cpp:79]   --->   Operation 27 'load' 'C_local_load' <Predicate = (!icmp_ln77)> <Delay = 0.69> <CoreInst = "RAM">   --->   Core 82 'RAM' <Latency = 1> <II = 1> <Delay = 0.69> <Storage> <Opcode : 'load' 'store'> <Ports = 2> <Width = 32> <Depth = 64> <RAM>
ST_1 : Operation 28 [2/2] (0.69ns)   --->   "%C_local_1_load = load i6 %C_local_1_addr" [matrix_mul.cpp:79]   --->   Operation 28 'load' 'C_local_1_load' <Predicate = (!icmp_ln77)> <Delay = 0.69> <CoreInst = "RAM">   --->   Core 82 'RAM' <Latency = 1> <II = 1> <Delay = 0.69> <Storage> <Opcode : 'load' 'store'> <Ports = 2> <Width = 32> <Depth = 64> <RAM>
ST_1 : Operation 29 [2/2] (0.69ns)   --->   "%C_local_2_load = load i6 %C_local_2_addr" [matrix_mul.cpp:79]   --->   Operation 29 'load' 'C_local_2_load' <Predicate = (!icmp_ln77)> <Delay = 0.69> <CoreInst = "RAM">   --->   Core 82 'RAM' <Latency = 1> <II = 1> <Delay = 0.69> <Storage> <Opcode : 'load' 'store'> <Ports = 2> <Width = 32> <Depth = 64> <RAM>
ST_1 : Operation 30 [2/2] (0.69ns)   --->   "%C_local_3_load = load i6 %C_local_3_addr" [matrix_mul.cpp:79]   --->   Operation 30 'load' 'C_local_3_load' <Predicate = (!icmp_ln77)> <Delay = 0.69> <CoreInst = "RAM">   --->   Core 82 'RAM' <Latency = 1> <II = 1> <Delay = 0.69> <Storage> <Opcode : 'load' 'store'> <Ports = 2> <Width = 32> <Depth = 64> <RAM>
ST_1 : Operation 31 [1/1] (0.70ns)   --->   "%icmp_ln79 = icmp_eq  i4 %trunc_ln77, i4 15" [matrix_mul.cpp:79]   --->   Operation 31 'icmp' 'icmp_ln79' <Predicate = (!icmp_ln77)> <Delay = 0.70> <CoreInst = "Cmp">   --->   Core 9 'Cmp' <Latency = 0> <II = 1> <Delay = 0.70> <FuncUnit> <Opcode : 'seteq' 'setne' 'setle' 'setge' 'setlt' 'setgt'> <InPorts = 2> <OutPorts = 1>
ST_1 : Operation 32 [1/1] (0.00ns)   --->   "%br_ln79 = br i1 %icmp_ln79, void %for.inc116.split._crit_edge, void" [matrix_mul.cpp:79]   --->   Operation 32 'br' 'br_ln79' <Predicate = (!icmp_ln77)> <Delay = 0.00>
ST_1 : Operation 33 [1/1] (0.38ns)   --->   "%store_ln77 = store i9 %add_ln77, i9 %index" [matrix_mul.cpp:77]   --->   Operation 33 'store' 'store_ln77' <Predicate = (!icmp_ln77)> <Delay = 0.38>

State 2 <SV = 1> <Delay = 1.15>
ST_2 : Operation 34 [1/2] ( I:0.69ns O:0.69ns )   --->   "%C_local_load = load i6 %C_local_addr" [matrix_mul.cpp:79]   --->   Operation 34 'load' 'C_local_load' <Predicate = true> <Delay = 0.69> <CoreInst = "RAM">   --->   Core 82 'RAM' <Latency = 1> <II = 1> <Delay = 0.69> <Storage> <Opcode : 'load' 'store'> <Ports = 2> <Width = 32> <Depth = 64> <RAM>
ST_2 : Operation 35 [1/2] ( I:0.69ns O:0.69ns )   --->   "%C_local_1_load = load i6 %C_local_1_addr" [matrix_mul.cpp:79]   --->   Operation 35 'load' 'C_local_1_load' <Predicate = true> <Delay = 0.69> <CoreInst = "RAM">   --->   Core 82 'RAM' <Latency = 1> <II = 1> <Delay = 0.69> <Storage> <Opcode : 'load' 'store'> <Ports = 2> <Width = 32> <Depth = 64> <RAM>
ST_2 : Operation 36 [1/2] ( I:0.69ns O:0.69ns )   --->   "%C_local_2_load = load i6 %C_local_2_addr" [matrix_mul.cpp:79]   --->   Operation 36 'load' 'C_local_2_load' <Predicate = true> <Delay = 0.69> <CoreInst = "RAM">   --->   Core 82 'RAM' <Latency = 1> <II = 1> <Delay = 0.69> <Storage> <Opcode : 'load' 'store'> <Ports = 2> <Width = 32> <Depth = 64> <RAM>
ST_2 : Operation 37 [1/2] ( I:0.69ns O:0.69ns )   --->   "%C_local_3_load = load i6 %C_local_3_addr" [matrix_mul.cpp:79]   --->   Operation 37 'load' 'C_local_3_load' <Predicate = true> <Delay = 0.69> <CoreInst = "RAM">   --->   Core 82 'RAM' <Latency = 1> <II = 1> <Delay = 0.69> <Storage> <Opcode : 'load' 'store'> <Ports = 2> <Width = 32> <Depth = 64> <RAM>
ST_2 : Operation 38 [1/1] (0.45ns)   --->   "%tmp = sparsemux i32 @_ssdm_op_SparseMux.ap_auto.4i32.i32.i2, i2 0, i32 %C_local_load, i2 1, i32 %C_local_1_load, i2 2, i32 %C_local_2_load, i2 3, i32 %C_local_3_load, i32 0, i2 %trunc_ln79" [matrix_mul.cpp:79]   --->   Operation 38 'sparsemux' 'tmp' <Predicate = true> <Delay = 0.45> <CoreInst = "BinarySparseMux_DontCare">   --->   Core 159 'BinarySparseMux_DontCare' <Latency = 0> <II = 1> <Delay = 0.45> <FuncUnit> <Opcode : 'sparsemux'> <InPorts = 2> <OutPorts = 1>
ST_2 : Operation 53 [1/1] (0.38ns)   --->   "%ret_ln0 = ret"   --->   Operation 53 'ret' 'ret_ln0' <Predicate = (icmp_ln77)> <Delay = 0.38>

State 3 <SV = 2> <Delay = 3.65>
ST_3 : Operation 39 [1/1] (0.00ns)   --->   "%phi_ln79_load_1 = load i480 %phi_ln79" [matrix_mul.cpp:79]   --->   Operation 39 'load' 'phi_ln79_load_1' <Predicate = true> <Delay = 0.00>
ST_3 : Operation 40 [1/1] (0.00ns)   --->   "%gmem_c_addr = getelementptr i512 %gmem_c, i64 %sext_ln77_cast" [matrix_mul.cpp:77]   --->   Operation 40 'getelementptr' 'gmem_c_addr' <Predicate = true> <Delay = 0.00>
ST_3 : Operation 41 [1/1] (0.00ns)   --->   "%specpipeline_ln78 = specpipeline void @_ssdm_op_SpecPipeline, i32 1, i32 0, i32 0, i32 0, void @empty_3" [matrix_mul.cpp:78]   --->   Operation 41 'specpipeline' 'specpipeline_ln78' <Predicate = true> <Delay = 0.00>
ST_3 : Operation 42 [1/1] (0.00ns)   --->   "%speclooptripcount_ln77 = speclooptripcount void @_ssdm_op_SpecLoopTripCount, i64 256, i64 256, i64 256" [matrix_mul.cpp:77]   --->   Operation 42 'speclooptripcount' 'speclooptripcount_ln77' <Predicate = true> <Delay = 0.00>
ST_3 : Operation 43 [1/1] (0.00ns)   --->   "%specloopname_ln77 = specloopname void @_ssdm_op_SpecLoopName, void @empty_10" [matrix_mul.cpp:77]   --->   Operation 43 'specloopname' 'specloopname_ln77' <Predicate = true> <Delay = 0.00>
ST_3 : Operation 44 [1/1] (0.00ns)   --->   "%or_ln = bitconcatenate i512 @_ssdm_op_BitConcatenate.i512.i32.i480, i32 %tmp, i480 %phi_ln79_load_1" [matrix_mul.cpp:79]   --->   Operation 44 'bitconcatenate' 'or_ln' <Predicate = true> <Delay = 0.00>
ST_3 : Operation 45 [1/1] (3.65ns)   --->   "%write_ln79 = write void @_ssdm_op_Write.m_axi.p1i512, i512 %gmem_c_addr, i512 %or_ln, i64 18446744073709551615" [matrix_mul.cpp:79]   --->   Operation 45 'write' 'write_ln79' <Predicate = (icmp_ln79)> <Delay = 3.65> <CoreInst = "m_axi">   --->   Core 119 'm_axi' <Latency = 5> <II = 1> <Delay = 1.00> <Adapter> <Opcode : 'read' 'write' 'readreq' 'writereq' 'writeresp'>
ST_3 : Operation 46 [1/1] (0.00ns)   --->   "%br_ln79 = br void %for.inc116.split._crit_edge" [matrix_mul.cpp:79]   --->   Operation 46 'br' 'br_ln79' <Predicate = (icmp_ln79)> <Delay = 0.00>
ST_3 : Operation 47 [1/1] (0.00ns)   --->   "%phi_ln79_load = load i480 %phi_ln79" [matrix_mul.cpp:77]   --->   Operation 47 'load' 'phi_ln79_load' <Predicate = (!icmp_ln79)> <Delay = 0.00>
ST_3 : Operation 48 [1/1] (0.00ns)   --->   "%tmp_3 = partselect i448 @_ssdm_op_PartSelect.i448.i480.i32.i32, i480 %phi_ln79_load, i32 32, i32 479" [matrix_mul.cpp:77]   --->   Operation 48 'partselect' 'tmp_3' <Predicate = (!icmp_ln79)> <Delay = 0.00>
ST_3 : Operation 49 [1/1] (0.00ns)   --->   "%tmp_4 = bitconcatenate i480 @_ssdm_op_BitConcatenate.i480.i32.i448, i32 %tmp, i448 %tmp_3" [matrix_mul.cpp:77]   --->   Operation 49 'bitconcatenate' 'tmp_4' <Predicate = (!icmp_ln79)> <Delay = 0.00>
ST_3 : Operation 50 [1/1] (0.53ns)   --->   "%select_ln79 = select i1 %icmp_ln79, i480 0, i480 %tmp_4" [matrix_mul.cpp:79]   --->   Operation 50 'select' 'select_ln79' <Predicate = true> <Delay = 0.53> <CoreInst = "Sel">   --->   Core 73 'Sel' <Latency = 0> <II = 1> <Delay = 0.53> <FuncUnit> <Opcode : 'select'> <InPorts = 3> <OutPorts = 1>
ST_3 : Operation 51 [1/1] (0.38ns)   --->   "%store_ln79 = store i480 %select_ln79, i480 %phi_ln79" [matrix_mul.cpp:79]   --->   Operation 51 'store' 'store_ln79' <Predicate = true> <Delay = 0.38>
ST_3 : Operation 52 [1/1] (0.00ns)   --->   "%br_ln77 = br void %for.inc116" [matrix_mul.cpp:77]   --->   Operation 52 'br' 'br_ln77' <Predicate = true> <Delay = 0.00>


============================================================
+ Verbose Summary: Timing violations
============================================================
Target clock period: 5.000ns, clock uncertainty: 1.350ns.

 <State 1>: 1.489ns
The critical path consists of the following:
	'store' operation 0 bit ('store_ln77', matrix_mul.cpp:77) of constant 0 on local variable 'index', matrix_mul.cpp:77 [12]  (0.387 ns)
	'load' operation 9 bit ('index', matrix_mul.cpp:77) on local variable 'index', matrix_mul.cpp:77 [16]  (0.000 ns)
	'add' operation 9 bit ('add_ln77', matrix_mul.cpp:77) [19]  (0.715 ns)
	'store' operation 0 bit ('store_ln77', matrix_mul.cpp:77) of variable 'add_ln77', matrix_mul.cpp:77 on local variable 'index', matrix_mul.cpp:77 [51]  (0.387 ns)

 <State 2>: 1.152ns
The critical path consists of the following:
	'load' operation 32 bit ('C_local_load', matrix_mul.cpp:79) on array 'C_local' [35]  (0.699 ns)
	'sparsemux' operation 32 bit ('tmp', matrix_mul.cpp:79) [39]  (0.453 ns)

 <State 3>: 3.650ns
The critical path consists of the following:
	'load' operation 480 bit ('phi_ln79_load_1', matrix_mul.cpp:79) on local variable 'phi_ln79' [22]  (0.000 ns)
	bus write operation ('write_ln79', matrix_mul.cpp:79) on port 'gmem_c' (matrix_mul.cpp:79) [44]  (3.650 ns)


============================================================
+ Verbose Summary: Binding
============================================================
N/A
* FSMD analyzer results:
  - Output states:
 - Input state : 
  - Chain level:
	State 1
	State 2
	State 3


============================================================
+ Verbose Summary: Datapath Resource usage 
============================================================
N/A
